Compiler condition:
main_0:1: error: 'undeclared' undeclared
Error: Compilation failed.
