Compiler condition:
  statements_0:1: warning: deprecated use of label at end of compound statement
  statements_0:1: error: declaration expected
Error: Compilation failed.
