Generation phase
Generating code
Generating section main
Generated bytes: 170 code, 0 dump
Compiler condition:
main_0:1: error: declaration expected
Error: Compilation failed.
