Preparation phase
Generation phase
Generating code
Generating section defsysinclude
Generating section statements
Generated: 1583 bytes code, 0 bytes dump
Compilation phase
Compiler condition:
  statements_0:1: warning: assignment makes pointer from integer without a cast
Compilation succeeded
