Compiler condition:
  statements_0:1: warning: assignment makes pointer from integer without a cast
