Generation phase
Generating code
Generating section defsysinclude
Generating section main
Generated bytes: 1024 code, 0 dump
Compiler condition:
main_0:1: error: declaration expected
Error: Compilation failed.
