Preparation phase
Generation phase
Generating code
================================================================================
     1	/* main */
     2	int main(int argc, char **argv) {
     3	    int ret = 0;
     4	/* statements */
     5	    }{;
     6	/* done */
     7	    return ret;
     8	}
================================================================================
Generated: 181 bytes code, 116 bytes dump
Compilation phase
Compiler condition:
  statements_0:1: error: declaration expected
Error: Compilation failed.
