Preparation phase
Generation phase
Generating code
Generated: 1578 bytes code, 0 bytes dump
Compilation phase
Compiler condition:
  statements_0:1: error: declaration expected
Compilation failed
Error: Compilation failed.
