================================================================================
     1	/* main */
     2	int main(int argc, char **argv) {
     3	    int ret = 0;
     4	/* main */
     5	    undeclared;
     6	/* done */
     7	    return ret;
     8	}
================================================================================
Compiler condition:
main_0:1: error: 'undeclared' undeclared
Error: Compilation failed.
