Preparation phase
Generation phase
Generating code
Generating section defsysinclude
Generating section statements
Generated: 1586 bytes code, 0 bytes dump
Compilation phase
Compiler condition:
  statements_0:1: error: 'undeclared' undeclared
Compilation failed
Error: Compilation failed.
