Compiler condition:
  statements_0:1: error: 'undeclared' undeclared
Compilation failed
Error: Compilation failed.
