Generation phase
Generating code
Generating section main
Generated bytes: 178 code, 0 dump
Compiler condition:
main_0:1: error: 'undeclared' undeclared
Error: Compilation failed.
