Generation phase
Generating code
Generating section defsysinclude
Generating section main
Generated: 1029 bytes code, 0 bytes dump
Compilation phase
Compiler condition:
main_0:1: warning: assignment makes pointer from integer without a cast
Compilation succeeded
