Generation phase
Generating code
Generating section main
Generated bytes: 174 code, 0 dump
Compiler condition:
main_0:1: warning: implicit declaration of function 'puts'
Compilation succeeded.
Execution succeeded.
