Preparation phase
Generation phase
Generating code
================================================================================
     1	/* main */
     2	int main(int argc, char **argv) {
     3		int ret = 0;
     4	/* statements */
     5	 s0:	ret = 69;
     6	/* done */
     7		return ret;
     8	}
================================================================================
Generated: 182 bytes code, 117 bytes dump
Compilation phase
Compilation succeeded
