Preparation phase
Generation phase
Generating code
Generating labeled statements
Generated: 182 bytes code, 0 bytes dump
Compilation phase
Compilation succeeded
