Generation phase
Generating code
Generating section main
Generated bytes: 182 code, 0 dump
Compiler condition:
main_0:1: warning: implicit declaration of function 'puts'
Compiler condition:
internal:159: error: ';' expected (got "<eof>")
Error: Compilation failed.
