================================================================================
     1	/* defsysinclude */
     2	#include <sys/stat.h>
     3	#include <sys/types.h>
     4	#include <assert.h>
     5	#include <ctype.h>
     6	#include <errno.h>
     7	#include <fcntl.h>
     8	#include <libgen.h>
     9	#include <limits.h>
    10	#include <stdarg.h>
    11	#include <stdio.h>
    12	#include <stdint.h>
    13	#include <stdlib.h>
    14	#include <string.h>
    15	#include <termios.h>
    16	#include <time.h>
    17	#include <unistd.h>
    18	/* main */
    19	int main(int argc, char **argv) {
    20	    int ret = 0;
    21	/* done */
    22	    return ret;
    23	}
================================================================================
Compilation succeeded.
