Preparation phase
Package python3 found
Generation phase
Generating code
Generated: 1212 bytes code, 0 bytes dump
Compilation phase
Compilation succeeded
