Generation phase
Generating code
Generated: 133 bytes code, 0 bytes dump
Compilation phase
Compilation succeeded
