Preparation phase
Generation phase
Generating code
Generating section defsysinclude
Generating section statements
Generated: 1048 bytes code, 0 bytes dump
Compilation phase
Compilation succeeded
