Preparation phase
Generation phase
Generating code
Generating section defsysinclude
Generated: 988 bytes code, 0 bytes dump
Compilation phase
Compilation succeeded
Writing history
