Generation phase
Generating code
Generating section defsysinclude
Generated bytes: 895 code, 0 dump
Compilation succeeded.
