Preparation phase
Generation phase
Generating code
Generating defsysinclude
Generating labeled statements
Generated: 1037 bytes code, 0 bytes dump
Compilation phase
Compilation succeeded
