Preparation phase
Generation phase
Generating code
Generating labeled statements
================================================================================
     1	/* main */
     2	int main(int argc, char **argv) {
     3		int ret = 0;
     4	/* statements */
     5	 s0:	puts("Hello.");
     6	/* done */
     7		return ret;
     8	}
================================================================================
Generated: 188 bytes code, 123 bytes dump
Compilation phase
Compiler condition:
  statements_0:1: warning: implicit declaration of function 'puts'
Compilation succeeded
