Preparation phase
Running "pkg-config --exists python3"
Running "pkg-config --cflags --libs python3"
Package definitions for python3: -I/usr/include/python3.7m -I/usr/include/x86_64-linux-gnu/python3.7m -lpython3.7m
Package python3 include dir: /usr/include/python3.7m
Package python3 include dir: /usr/include/x86_64-linux-gnu/python3.7m
Package python3 library: python3.7m
Package python3 found
Generation phase
Generating code
Generating defsysinclude
Generating include
Generating labeled before
Generating labeled statements
Generating labeled after
================================================================================
     1	/* defsysinclude */
     2	#include <sys/stat.h>
     3	#include <sys/types.h>
     4	#include <assert.h>
     5	#include <ctype.h>
     6	#include <errno.h>
     7	#include <fcntl.h>
     8	#include <libgen.h>
     9	#include <limits.h>
    10	#include <locale.h>
    11	#include <stdarg.h>
    12	#include <stdio.h>
    13	#include <stdint.h>
    14	#include <stdlib.h>
    15	#include <string.h>
    16	#include <termios.h>
    17	#include <time.h>
    18	#include <unistd.h>
    19	#include <wchar.h>
    20	/* include */
    21	#include <Python.h>
    22	/* main */
    23	int main(int argc, char **argv) {
    24		int ret = 0;
    25	/* before */
    26	 b0:	Py_Initialize();
    27	/* statements */
    28	 s0:	PyRun_SimpleString("print(\"hello\")");
    29	/* after */
    30	 a0:	Py_Finalize();
    31	/* done */
    32		return ret;
    33	}
================================================================================
Generated: 1225 bytes code, 627 bytes dump
Compilation phase
Compilation succeeded
