Preparation phase
Generation phase
Generating code
================================================================================
     1	/* main */
     2	#line 148 "internal"
     3	int main(int argc, char **argv) {
     4	    int ret = 0;
     5	/* done */
     6	#line 163 "internal"
     7	    return ret;
     8	}
================================================================================
Generated: 133 bytes code, 133 bytes dump
Compilation phase
Compilation succeeded
Writing history
