Preparation phase
Running "pkg-config --exists python3"
Running "pkg-config --cflags --libs python3"
Package definitions for python3: -I/usr/include/python3.7m -I/usr/include/x86_64-linux-gnu/python3.7m -lpython3.7m
Package python3 include dir: /usr/include/python3.7m
Package python3 include dir: /usr/include/x86_64-linux-gnu/python3.7m
Package python3 library: python3.7m
Package python3 found
Generation phase
Generating code
Generating section defsysinclude
Generating section include
Generating section before
Generating section statements
Generating section after
Generated: 1228 bytes code, 0 bytes dump
Compilation phase
Compilation succeeded
Writing history
