Package python3: -I/usr/include/python3.7m -I/usr/include/x86_64-linux-gnu/python3.7m -lpython3.7m
Package python3 include dir: /usr/include/python3.7m
Package python3 include dir: /usr/include/x86_64-linux-gnu/python3.7m
Package python3 library: python3.7m
Compilation succeeded.
