================================================================================
================================================================================
Compilation succeeded.
Compiler condition:
tcc: error: main not defined
