     1	/* include */
     2	#include "Python.h"
     3	/* main */
     4	int main(int argc, char **argv) {
     5	    int ret = 0;
     6	/* statement */
     7	    Py_Initialize();
     8	    PyRun_SimpleString("print(\"hello\")");
     9	    Py_Finalize();
    10	    return ret;
    11	}
hello
