Preparation phase
Generation phase
Generating code
Generating defsysinclude
Generated: 982 bytes code, 0 bytes dump
Compilation phase
Compilation succeeded
Execution phase
Execution finished (ret=0)
