Preparation phase
Generation phase
Generating code
Generated: 127 bytes code, 0 bytes dump
Compilation phase
Compilation succeeded
