Generation phase
Generating code
================================================================================
================================================================================
Generated bytes: 0 code, 0 dump
Compilation succeeded.
Execution succeeded.
