Preparation phase
Package python3 found
Generation phase
Generating code
================================================================================
     1	/* include */
     2	#include <Python.h>
     3	/* main */
     4	int main(int argc, char **argv) {
     5	    int ret = 0;
     6	/* statements */
     7	    Py_Initialize();
     8	    PyRun_SimpleString("print(\"hello\")");
     9	    Py_Finalize();
    10	/* done */
    11	    return ret;
    12	}
================================================================================
Generated: 357 bytes code, 226 bytes dump
Compilation phase
Compilation succeeded
